Error! Expected length of GREATER list is 2!    Actual: 0