Error! Expected length of DIFF list is 2!    Actual: 1